// Jest Snapshot v1, https://goo.gl/fbAQLP

exports[`renders 1`] = `
<DocumentFragment>
  <div
    class="undefined"
  >
    <div>
      <div>
        <input
          type="checkbox"
        />
        <span
          class="undefined null"
        />
        <span>
          Hide people missing a profile image
        </span>
      </div>
    </div>
  </div>
</DocumentFragment>
`;
