// Jest Snapshot v1, https://goo.gl/fbAQLP

exports[`renders 1`] = `
<DocumentFragment>
  <div>
    <div>
      <img
        alt="avatar"
        src="[object Object]"
      />
    </div>
    <div />
    <div />
    <div />
  </div>
</DocumentFragment>
`;
