// Jest Snapshot v1, https://goo.gl/fbAQLP

exports[`renders 1`] = `
<DocumentFragment>
  <button
    class="undefined undefined undefined"
  >
    clear filters
  </button>
</DocumentFragment>
`;
